feature1: description
feature2: other description

## Docker images

- `docker pull weyfonk/goreleaser:0.40.0`
- `docker pull goreleaser/godownloader:v0.1.0`
