<?xml version="1.0" encoding="utf-8"?>
<package xmlns="http://schemas.microsoft.com/packaging/2015/06/nuspec.xsd">
  <metadata>
    <id>goreleaser</id>
    <version>1.12.3</version>
    <packageSourceUrl>https://github.com/weyfonk/goreleaser</packageSourceUrl>
    <owners>caarlos0</owners>
    <title>GoReleaser</title>
    <authors>caarlos0</authors>
    <projectUrl>https://goreleaser.com/</projectUrl>
    <iconUrl>https://raw.githubusercontent.com/weyfonk/goreleaser/main/www/docs/static/avatar.png</iconUrl>
    <copyright>2016-2022 Carlos Alexandro Becker</copyright>
    <licenseUrl>https://github.com/weyfonk/goreleaser/blob/main/LICENSE.md</licenseUrl>
    <requireLicenseAcceptance>true</requireLicenseAcceptance>
    <projectSourceUrl>https://github.com/weyfonk/goreleaser</projectSourceUrl>
    <docsUrl>https://github.com/weyfonk/goreleaser/blob/main/README.md</docsUrl>
    <bugTrackerUrl>https://github.com/weyfonk/goreleaser/issues</bugTrackerUrl>
    <tags>go docker homebrew golang package</tags>
    <summary>Deliver Go binaries as fast and easily as possible</summary>
    <description>GoReleaser builds Go binaries for several platforms, creates a GitHub release and then pushes a Homebrew formula to a tap repository. All that wrapped in your favorite CI.</description>
    <releaseNotes>This tag is only to keep version parity with the pro version, which does have a couple of bugfixes.</releaseNotes>
    <dependencies>
      <dependency id="nfpm" version="2.20.0" />
    </dependencies>
  </metadata>
  <files>
    <file src="tools\**" target="tools" />
  </files>
</package>